*** Booting Zephyr OS build v3.7.0 ***
Node ID = 0
[TX] Gui (lan 1) toi Node 1, seq=0
[RX] BAN cho ACK, bo qua 1 goi khac vua den
[RX] BAN cho ACK, bo qua 1 goi khac vua den
[RX] BAN cho ACK, bo qua 1 goi khac vua den
[RX] BAN cho ACK, bo qua 1 goi khac vua den
[RX] BAN cho ACK, bo qua 1 goi khac vua den
[RX] BAN cho ACK, bo qua 1 goi khac vua den
[RX] BAN cho ACK, bo qua 1 goi khac vua den
[RX] BAN cho ACK, bo qua 1 goi khac vua den
[RX] BAN cho ACK, bo qua 1 goi khac vua den
[RX] BAN cho ACK, bo qua 1 goi khac vua den
[RX] BAN cho ACK, bo qua 1 goi khac vua den
[RX] BAN cho ACK, bo qua 1 goi khac vua den
[RX] BAN cho ACK, bo qua 1 goi khac vua den
[RX] BAN cho ACK, bo qua 1 goi khac vua den
[RX] Het gio cho ACK, thu gui lai (lan 2)
[TX] Gui (lan 2) toi Node 1, seq=0
[RX] BAN cho ACK, bo qua 1 goi khac vua den
[RX] BAN cho ACK, bo qua 1 goi khac vua den
[RX] BAN cho ACK, bo qua 1 goi khac vua den
[RX] BAN cho ACK, bo qua 1 goi khac vua den
[RX] BAN cho ACK, bo qua 1 goi khac vua den
[RX] BAN cho ACK, bo qua 1 goi khac vua den
[RX] BAN cho ACK, bo qua 1 goi khac vua den
[RX] BAN cho ACK, bo qua 1 goi khac vua den
[RX] BAN cho ACK, bo qua 1 goi khac vua den
[RX] MAT GOI: lien ket Node 0 <-> Node 1, seq=0 - cost moi = 2
[TX] Ket qua gui toi Node 1 qua next_hop=1, seq=0: MAT GOI
[RX] NHAN DICH: tu Node 1, seq=0, noi dung="Hello from B"
[TX] Gui (lan 1) toi Node 1, seq=1
[RX] BAN cho ACK, bo qua 1 goi khac vua den
[RX] BAN cho ACK, bo qua 1 goi khac vua den
[RX] BAN cho ACK, bo qua 1 goi khac vua den
[RX] BAN cho ACK, bo qua 1 goi khac vua den
[RX] BAN cho ACK, bo qua 1 goi khac vua den
[RX] BAN cho ACK, bo qua 1 goi khac vua den
[RX] BAN cho ACK, bo qua 1 goi khac vua den
[RX] BAN cho ACK, bo qua 1 goi khac vua den
[RX] BAN cho ACK, bo qua 1 goi khac vua den
[RX] BAN cho ACK, bo qua 1 goi khac vua den
[RX] BAN cho ACK, bo qua 1 goi khac vua den
[RX] BAN cho ACK, bo qua 1 goi khac vua den
[RX] BAN cho ACK, bo qua 1 goi khac vua den
[RX] Het gio cho ACK, thu gui lai (lan 2)
[TX] Gui (lan 2) toi Node 1, seq=1
[RX] BAN cho ACK, bo qua 1 goi khac vua den
[RX] BAN cho ACK, bo qua 1 goi khac vua den
[RX] BAN cho ACK, bo qua 1 goi khac vua den
[RX] BAN cho ACK, bo qua 1 goi khac vua den
[RX] BAN cho ACK, bo qua 1 goi khac vua den
[RX] BAN cho ACK, bo qua 1 goi khac vua den
[RX] BAN cho ACK, bo qua 1 goi khac vua den
[RX] BAN cho ACK, bo qua 1 goi khac vua den
[RX] MAT GOI: lien ket Node 0 <-> Node 1, seq=1 - cost moi = 4
[TX] Ket qua gui toi Node 2 qua next_hop=1, seq=1: MAT GOI
[RX] BO QUA (khong phai next-hop): src=1 dst=2 next_hop=2
[RX] BO QUA (khong phai next-hop): src=2 dst=1 next_hop=1
[TX] Gui (lan 1) toi Node 1, seq=2
[RX] BAN cho ACK, bo qua 1 goi khac vua den
[RX] BAN cho ACK, bo qua 1 goi khac vua den
[RX] BAN cho ACK, bo qua 1 goi khac vua den
[RX] BAN cho ACK, bo qua 1 goi khac vua den
[RX] BAN cho ACK, bo qua 1 goi khac vua den
[RX] BAN cho ACK, bo qua 1 goi khac vua den
[RX] BAN cho ACK, bo qua 1 goi khac vua den
[RX] BAN cho ACK, bo qua 1 goi khac vua den
[RX] Het gio cho ACK, thu gui lai (lan 2)
[TX] Gui (lan 2) toi Node 1, seq=2
[RX] BAN cho ACK, bo qua 1 goi khac vua den
[RX] BAN cho ACK, bo qua 1 goi khac vua den
[RX] BAN cho ACK, bo qua 1 goi khac vua den
[RX] BAN cho ACK, bo qua 1 goi khac vua den
[RX] BAN cho ACK, bo qua 1 goi khac vua den
[RX] BAN cho ACK, bo qua 1 goi khac vua den
[RX] BAN cho ACK, bo qua 1 goi khac vua den
[RX] BAN cho ACK, bo qua 1 goi khac vua den
[RX] BAN cho ACK, bo qua 1 goi khac vua den
[RX] BAN cho ACK, bo qua 1 goi khac vua den
[RX] MAT GOI: lien ket Node 0 <-> Node 1, seq=2 - cost moi = 8
[TX] Ket qua gui toi Node 1 qua next_hop=1, seq=2: MAT GOI
[RX] NHAN DICH: tu Node 1, seq=2, noi dung="Hello from B"
[TX] Gui (lan 1) toi Node 2, seq=3
[RX] BAN cho ACK, bo qua 1 goi khac vua den
[RX] BAN cho ACK, bo qua 1 goi khac vua den
[RX] BAN cho ACK, bo qua 1 goi khac vua den
[RX] BAN cho ACK, bo qua 1 goi khac vua den
[RX] BAN cho ACK, bo qua 1 goi khac vua den
[RX] BAN cho ACK, bo qua 1 goi khac vua den
[RX] BAN cho ACK, bo qua 1 goi khac vua den
[RX] BAN cho ACK, bo qua 1 goi khac vua den
[TX] Ket qua gui toi Node 2 qua next_hop=2, seq=3: THANH CONG
[RX] BO QUA (khong phai next-hop): src=1 dst=2 next_hop=2
[TX] Gui (lan 1) toi Node 2, seq=4
[RX] BAN cho ACK, bo qua 1 goi khac vua den
[RX] BAN cho ACK, bo qua 1 goi khac vua den
[RX] BAN cho ACK, bo qua 1 goi khac vua den
[RX] BAN cho ACK, bo qua 1 goi khac vua den
[RX] BAN cho ACK, bo qua 1 goi khac vua den
[RX] BAN cho ACK, bo qua 1 goi khac vua den
[RX] BAN cho ACK, bo qua 1 goi khac vua den
[RX] BAN cho ACK, bo qua 1 goi khac vua den
[RX] BAN cho ACK, bo qua 1 goi khac vua den
[RX] Het gio cho ACK, thu gui lai (lan 2)
[TX] Gui (lan 2) toi Node 2, seq=4
[RX] BAN cho ACK, bo qua 1 goi khac vua den
[RX] BAN cho ACK, bo qua 1 goi khac vua den
[RX] BAN cho ACK, bo qua 1 goi khac vua den
[RX] BAN cho ACK, bo qua 1 goi khac vua den
[RX] BAN cho ACK, bo qua 1 goi khac vua den
[RX] BAN cho ACK, bo qua 1 goi khac vua den
[RX] BAN cho ACK, bo qua 1 goi khac vua den
[RX] BAN cho ACK, bo qua 1 goi khac vua den
[RX] BAN cho ACK, bo qua 1 goi khac vua den
[RX] BAN cho ACK, bo qua 1 goi khac vua den
[RX] MAT GOI: lien ket Node 0 <-> Node 2, seq=4 - cost moi = 10
[TX] Ket qua gui toi Node 1 qua next_hop=2, seq=4: MAT GOI
[RX] NHAN DICH: tu Node 2, seq=4, noi dung="Hello from C"
[TX] Gui (lan 1) toi Node 1, seq=5
[RX] BAN cho ACK, bo qua 1 goi khac vua den
[RX] BAN cho ACK, bo qua 1 goi khac vua den
[RX] BAN cho ACK, bo qua 1 goi khac vua den
[RX] BAN cho ACK, bo qua 1 goi khac vua den
[RX] BAN cho ACK, bo qua 1 goi khac vua den
[RX] BAN cho ACK, bo qua 1 goi khac vua den
[RX] BAN cho ACK, bo qua 1 goi khac vua den
[RX] BAN cho ACK, bo qua 1 goi khac vua den
