-- west build: making build dir /home/vu/zephyrproject/bluetooth-dijkstra-simplified/build_c pristine
-- west build: generating a build system
Loading Zephyr default modules (Zephyr base).
-- Application: /home/vu/zephyrproject/bluetooth-dijkstra-simplified/app
-- CMake version: 3.22.1
-- Found Python3: /home/vu/zephyrproject/.venv/bin/python3 (found suitable version "3.10.12", minimum required is "3.8") found components: Interpreter 
-- Cache files will be written to: /home/vu/.cache/zephyr
-- Zephyr version: 3.7.0 (/home/vu/zephyrproject/zephyr)
-- Found west (found suitable version "1.5.0", minimum required is "0.14.0")
-- Board: nrf52840dk, qualifiers: nrf52840
-- ZEPHYR_TOOLCHAIN_VARIANT not set, trying to locate Zephyr SDK
-- Found host-tools: zephyr 0.16.8 (/home/vu/zephyr-sdk-0.16.8)
-- Found toolchain: zephyr 0.16.8 (/home/vu/zephyr-sdk-0.16.8)
-- Found Dtc: /home/vu/zephyr-sdk-0.16.8/sysroots/x86_64-pokysdk-linux/usr/bin/dtc (found suitable version "1.6.0", minimum required is "1.4.6") 
-- Found BOARD.dts: /home/vu/zephyrproject/zephyr/boards/nordic/nrf52840dk/nrf52840dk_nrf52840.dts
-- Generated zephyr.dts: /home/vu/zephyrproject/bluetooth-dijkstra-simplified/build_c/zephyr/zephyr.dts
-- Generated devicetree_generated.h: /home/vu/zephyrproject/bluetooth-dijkstra-simplified/build_c/zephyr/include/generated/zephyr/devicetree_generated.h
-- Including generated dts.cmake file: /home/vu/zephyrproject/bluetooth-dijkstra-simplified/build_c/zephyr/dts.cmake
Parsing /home/vu/zephyrproject/bluetooth-dijkstra-simplified/app/Kconfig
Loaded configuration '/home/vu/zephyrproject/zephyr/boards/nordic/nrf52840dk/nrf52840dk_nrf52840_defconfig'
Merged configuration '/home/vu/zephyrproject/bluetooth-dijkstra-simplified/app/prj.conf'
Merged configuration '/home/vu/zephyrproject/bluetooth-dijkstra-simplified/build_c/zephyr/misc/generated/extra_kconfig_options.conf'
Configuration saved to '/home/vu/zephyrproject/bluetooth-dijkstra-simplified/build_c/zephyr/.config'
Kconfig header saved to '/home/vu/zephyrproject/bluetooth-dijkstra-simplified/build_c/zephyr/include/generated/zephyr/autoconf.h'
-- Found GnuLd: /home/vu/zephyr-sdk-0.16.8/arm-zephyr-eabi/arm-zephyr-eabi/bin/ld.bfd (found version "2.38") 
-- The C compiler identification is GNU 12.2.0
-- The CXX compiler identification is GNU 12.2.0
-- The ASM compiler identification is GNU
-- Found assembler: /home/vu/zephyr-sdk-0.16.8/arm-zephyr-eabi/bin/arm-zephyr-eabi-gcc
-- Using ccache: /usr/bin/ccache
-- Configuring done
-- Generating done
-- Build files have been written to: /home/vu/zephyrproject/bluetooth-dijkstra-simplified/build_c
-- west build: building application
[1/190] Preparing syscall dependency handling

[2/190] Generating include/generated/zephyr/version.h
-- Zephyr version: 3.7.0 (/home/vu/zephyrproject/zephyr), build: v3.7.0
[3/190] Generating misc/generated/syscalls_subdirs.trigger
[4/190] Generating misc/generated/syscalls.json, misc/generated/struct_tags.json
[5/190] Generating include/generated/zephyr/syscall_dispatch.c, include/generated/zephyr/syscall_list.h
[6/190] Generating include/generated/zephyr/driver-validation.h
[7/190] Generating include/generated/zephyr/kobj-types-enum.h, include/generated/zephyr/otype-to-str.h, include/generated/zephyr/otype-to-size.h
[8/190] Building C object zephyr/CMakeFiles/offsets.dir/arch/arm/core/offsets/offsets.c.obj
[9/190] Generating include/generated/zephyr/offsets.h
[10/190] Building C object CMakeFiles/app.dir/src/routing.c.obj
[11/190] Building C object zephyr/CMakeFiles/zephyr.dir/lib/utils/dec.c.obj
[12/190] Building C object zephyr/CMakeFiles/zephyr.dir/lib/utils/hex.c.obj
[13/190] Building C object zephyr/CMakeFiles/zephyr.dir/lib/heap/heap.c.obj
[14/190] Building C object zephyr/CMakeFiles/zephyr.dir/lib/os/cbprintf_packaged.c.obj
[15/190] Building C object zephyr/CMakeFiles/zephyr.dir/lib/os/thread_entry.c.obj
[16/190] Building C object zephyr/CMakeFiles/zephyr.dir/lib/os/cbprintf_complete.c.obj
[17/190] Building C object zephyr/CMakeFiles/zephyr.dir/lib/os/assert.c.obj
[18/190] Building C object zephyr/CMakeFiles/zephyr.dir/lib/utils/timeutil.c.obj
[19/190] Building C object zephyr/CMakeFiles/zephyr.dir/lib/os/printk.c.obj
[20/190] Building C object zephyr/CMakeFiles/zephyr.dir/lib/os/sem.c.obj
[21/190] Building C object zephyr/CMakeFiles/zephyr.dir/misc/generated/configs.c.obj
[22/190] Building C object zephyr/CMakeFiles/zephyr.dir/subsys/tracing/tracing_none.c.obj
[23/190] Building C object zephyr/CMakeFiles/zephyr.dir/lib/utils/rb.c.obj
[24/190] Building C object zephyr/CMakeFiles/zephyr.dir/lib/utils/onoff.c.obj
[25/190] Building C object zephyr/CMakeFiles/zephyr.dir/subsys/net/lib/utils/addr_utils.c.obj
[26/190] Building C object zephyr/CMakeFiles/zephyr.dir/lib/utils/bitarray.c.obj
[27/190] Building C object zephyr/CMakeFiles/zephyr.dir/subsys/mem_mgmt/mem_attr.c.obj
[28/190] Building C object zephyr/arch/common/CMakeFiles/isr_tables.dir/isr_tables.c.obj
[29/190] Building ASM object zephyr/arch/arch/arm/core/CMakeFiles/arch__arm__core.dir/nmi_on_reset.S.obj
[30/190] Building C object zephyr/arch/common/CMakeFiles/arch__common.dir/sw_isr_common.c.obj
[31/190] Building ASM object zephyr/arch/arch/arm/core/cortex_m/CMakeFiles/arch__arm__core__cortex_m.dir/fault_s.S.obj
[32/190] Building C object zephyr/CMakeFiles/zephyr.dir/lib/utils/notify.c.obj
[33/190] Building C object zephyr/arch/arch/arm/core/CMakeFiles/arch__arm__core.dir/nmi.c.obj
[34/190] Building C object zephyr/arch/arch/arm/core/cortex_m/CMakeFiles/arch__arm__core__cortex_m.dir/exc_exit.c.obj
[35/190] Building C object zephyr/arch/arch/arm/core/CMakeFiles/arch__arm__core.dir/fatal.c.obj
[36/190] Building C object zephyr/drivers/serial/CMakeFiles/drivers__serial.dir/uart_nrfx_uarte.c.obj
[37/190] Building C object zephyr/arch/arch/arm/core/cortex_m/CMakeFiles/arch__arm__core__cortex_m.dir/fpu.c.obj
[38/190] Building ASM object zephyr/arch/arch/arm/core/cortex_m/CMakeFiles/arch__arm__core__cortex_m.dir/reset.S.obj
[39/190] Building C object zephyr/arch/arch/arm/core/cortex_m/CMakeFiles/arch__arm__core__cortex_m.dir/thread_abort.c.obj
[40/190] Building ASM object zephyr/arch/arch/arm/core/cortex_m/CMakeFiles/arch__arm__core__cortex_m.dir/vector_table.S.obj
[41/190] Linking C static library zephyr/arch/common/libisr_tables.a
[42/190] Building C object zephyr/arch/arch/arm/core/cortex_m/CMakeFiles/arch__arm__core__cortex_m.dir/swap.c.obj
[43/190] Building C object zephyr/arch/arch/arm/core/cortex_m/CMakeFiles/arch__arm__core__cortex_m.dir/prep_c.c.obj
[44/190] Building ASM object zephyr/arch/arch/arm/core/cortex_m/CMakeFiles/arch__arm__core__cortex_m.dir/swap_helper.S.obj
[45/190] Building C object zephyr/arch/arch/arm/core/cortex_m/CMakeFiles/arch__arm__core__cortex_m.dir/irq_manage.c.obj
[46/190] Building C object zephyr/arch/arch/arm/core/cortex_m/CMakeFiles/arch__arm__core__cortex_m.dir/thread.c.obj
[47/190] Building ASM object zephyr/arch/arch/arm/core/cortex_m/CMakeFiles/arch__arm__core__cortex_m.dir/__aeabi_read_tp.S.obj
[48/190] Building C object zephyr/arch/arch/arm/core/cortex_m/CMakeFiles/arch__arm__core__cortex_m.dir/irq_init.c.obj
[49/190] Building C object zephyr/arch/arch/arm/core/cortex_m/CMakeFiles/arch__arm__core__cortex_m.dir/isr_wrapper.c.obj
[50/190] Building C object zephyr/arch/arch/arm/core/cortex_m/CMakeFiles/arch__arm__core__cortex_m.dir/cpu_idle.c.obj
[51/190] Building C object zephyr/arch/arch/arm/core/mpu/CMakeFiles/arch__arm__core__mpu.dir/arm_mpu.c.obj
[52/190] Building C object zephyr/arch/arch/arm/core/mpu/CMakeFiles/arch__arm__core__mpu.dir/arm_mpu_regions.c.obj
[53/190] Building C object zephyr/lib/libc/picolibc/CMakeFiles/lib__libc__picolibc.dir/libc-hooks.c.obj
[54/190] Building C object zephyr/arch/arch/arm/core/mpu/CMakeFiles/arch__arm__core__mpu.dir/arm_core_mpu.c.obj
[55/190] Linking C static library zephyr/libzephyr.a
[56/190] Building C object zephyr/lib/libc/common/CMakeFiles/lib__libc__common.dir/source/stdlib/abort.c.obj
[57/190] Linking C static library zephyr/arch/common/libarch__common.a
[58/190] Building C object zephyr/soc/soc/nrf52840/CMakeFiles/soc__nordic.dir/validate_binding_headers.c.obj
[59/190] Building C object zephyr/lib/libc/common/CMakeFiles/lib__libc__common.dir/source/stdlib/malloc.c.obj
[60/190] Building C object zephyr/soc/soc/nrf52840/CMakeFiles/soc__nordic.dir/validate_base_addresses.c.obj
[61/190] Building C object zephyr/soc/soc/nrf52840/CMakeFiles/soc__nordic.dir/validate_enabled_instances.c.obj
[62/190] Building C object zephyr/soc/soc/nrf52840/CMakeFiles/soc__nordic.dir/nrf52/soc.c.obj
[63/190] Building C object zephyr/subsys/random/CMakeFiles/subsys__random.dir/random_xoshiro128.c.obj
[64/190] Building C object zephyr/subsys/bluetooth/common/CMakeFiles/subsys__bluetooth__common.dir/addr.c.obj
[65/190] Building C object zephyr/subsys/random/CMakeFiles/subsys__random.dir/random_entropy_device.c.obj
[66/190] Linking C static library zephyr/lib/libc/picolibc/liblib__libc__picolibc.a
[67/190] Linking C static library zephyr/arch/arch/arm/core/mpu/libarch__arm__core__mpu.a
[68/190] Building C object zephyr/subsys/bluetooth/common/CMakeFiles/subsys__bluetooth__common.dir/dummy.c.obj
[69/190] Generating linker_zephyr_pre0.cmd
[70/190] Linking C static library zephyr/lib/libc/common/liblib__libc__common.a
[71/190] Building C object zephyr/subsys/bluetooth/host/CMakeFiles/subsys__bluetooth__host.dir/uuid.c.obj
[72/190] Building C object zephyr/subsys/bluetooth/host/CMakeFiles/subsys__bluetooth__host.dir/addr.c.obj
[73/190] Building C object zephyr/subsys/bluetooth/common/CMakeFiles/subsys__bluetooth__common.dir/bt_str.c.obj
[74/190] Building C object zephyr/CMakeFiles/zephyr_pre0.dir/misc/empty_file.c.obj
[75/190] Building C object zephyr/subsys/bluetooth/host/CMakeFiles/subsys__bluetooth__host.dir/buf.c.obj
[76/190] Building C object zephyr/subsys/bluetooth/host/CMakeFiles/subsys__bluetooth__host.dir/hci_core.c.obj
[77/190] Building C object zephyr/subsys/bluetooth/host/CMakeFiles/subsys__bluetooth__host.dir/data.c.obj
[78/190] Building C object zephyr/subsys/bluetooth/host/CMakeFiles/subsys__bluetooth__host.dir/hci_common.c.obj
[79/190] Building C object zephyr/subsys/bluetooth/host/CMakeFiles/subsys__bluetooth__host.dir/id.c.obj
[80/190] Linking C static library zephyr/soc/soc/nrf52840/libsoc__nordic.a
[81/190] Building C object zephyr/subsys/bluetooth/controller/CMakeFiles/subsys__bluetooth__controller.dir/util/mem.c.obj
[82/190] Building C object zephyr/subsys/bluetooth/host/CMakeFiles/subsys__bluetooth__host.dir/adv.c.obj
[83/190] Linking C static library zephyr/subsys/random/libsubsys__random.a
[84/190] Building C object zephyr/subsys/bluetooth/host/CMakeFiles/subsys__bluetooth__host.dir/scan.c.obj
[85/190] Building C object zephyr/subsys/bluetooth/controller/CMakeFiles/subsys__bluetooth__controller.dir/util/mayfly.c.obj
[86/190] Linking C static library zephyr/subsys/bluetooth/common/libsubsys__bluetooth__common.a
[87/190] Building C object zephyr/subsys/bluetooth/controller/CMakeFiles/subsys__bluetooth__controller.dir/util/memq.c.obj
[88/190] Building C object zephyr/subsys/bluetooth/controller/CMakeFiles/subsys__bluetooth__controller.dir/util/dbuf.c.obj
[89/190] Building C object zephyr/subsys/bluetooth/controller/CMakeFiles/subsys__bluetooth__controller.dir/util/util.c.obj
[90/190] Building C object zephyr/subsys/bluetooth/controller/CMakeFiles/subsys__bluetooth__controller.dir/ticker/ticker.c.obj
[91/190] Building C object zephyr/subsys/bluetooth/controller/CMakeFiles/subsys__bluetooth__controller.dir/ll_sw/ll_feat.c.obj
[92/190] Building C object zephyr/subsys/bluetooth/controller/CMakeFiles/subsys__bluetooth__controller.dir/ll_sw/ll_tx_pwr.c.obj
[93/190] Building C object zephyr/subsys/bluetooth/controller/CMakeFiles/subsys__bluetooth__controller.dir/ll_sw/lll_common.c.obj
[94/190] Building C object zephyr/subsys/bluetooth/controller/CMakeFiles/subsys__bluetooth__controller.dir/ll_sw/ull.c.obj
[95/190] Building C object zephyr/subsys/bluetooth/controller/CMakeFiles/subsys__bluetooth__controller.dir/ll_sw/ll_addr.c.obj
[96/190] Building C object zephyr/subsys/bluetooth/controller/CMakeFiles/subsys__bluetooth__controller.dir/hci/hci_driver.c.obj
[97/190] Building C object zephyr/subsys/bluetooth/controller/CMakeFiles/subsys__bluetooth__controller.dir/hci/hci.c.obj
[98/190] Building C object zephyr/subsys/bluetooth/controller/CMakeFiles/subsys__bluetooth__controller.dir/ll_sw/ull_scan.c.obj
[99/190] Building C object zephyr/subsys/bluetooth/controller/CMakeFiles/subsys__bluetooth__controller.dir/crypto/crypto.c.obj
[100/190] Building C object CMakeFiles/app.dir/src/transport.c.obj
[101/190] Building C object zephyr/subsys/bluetooth/controller/ll_sw/nordic/CMakeFiles/subsys__bluetooth__controller__ll_sw__nordic.dir/lll/lll.c.obj
[102/190] Building C object zephyr/subsys/bluetooth/controller/ll_sw/nordic/CMakeFiles/subsys__bluetooth__controller__ll_sw__nordic.dir/lll/lll_clock.c.obj
[103/190] Building C object zephyr/subsys/bluetooth/controller/CMakeFiles/subsys__bluetooth__controller.dir/ll_sw/ull_adv.c.obj
[104/190] Linking C static library zephyr/subsys/bluetooth/host/libsubsys__bluetooth__host.a
[105/190] Building C object zephyr/subsys/bluetooth/controller/ll_sw/nordic/CMakeFiles/subsys__bluetooth__controller__ll_sw__nordic.dir/hci/hci_vendor.c.obj
[106/190] Building C object zephyr/subsys/bluetooth/controller/ll_sw/nordic/CMakeFiles/subsys__bluetooth__controller__ll_sw__nordic.dir/lll/lll_adv.c.obj
[107/190] Building C object zephyr/subsys/bluetooth/controller/ll_sw/nordic/CMakeFiles/subsys__bluetooth__controller__ll_sw__nordic.dir/lll/lll_scan.c.obj
[108/190] Building C object zephyr/subsys/bluetooth/controller/ll_sw/nordic/CMakeFiles/subsys__bluetooth__controller__ll_sw__nordic.dir/hal/nrf5/mayfly.c.obj
[109/190] Building C object zephyr/subsys/bluetooth/controller/ll_sw/nordic/CMakeFiles/subsys__bluetooth__controller__ll_sw__nordic.dir/hal/nrf5/cntr.c.obj
[110/190] Building C object zephyr/subsys/bluetooth/controller/ll_sw/nordic/CMakeFiles/subsys__bluetooth__controller__ll_sw__nordic.dir/hal/nrf5/radio/radio.c.obj
[111/190] Building C object zephyr/subsys/bluetooth/controller/ll_sw/nordic/CMakeFiles/subsys__bluetooth__controller__ll_sw__nordic.dir/hal/nrf5/ticker.c.obj
[112/190] Building C object zephyr/subsys/bluetooth/controller/ll_sw/nordic/CMakeFiles/subsys__bluetooth__controller__ll_sw__nordic.dir/hal/nrf5/ecb.c.obj
[113/190] Building C object zephyr/subsys/net/CMakeFiles/subsys__net.dir/buf_simple.c.obj
[114/190] Building C object zephyr/arch/arch/arm/core/CMakeFiles/arch__arm__core.dir/tls.c.obj
[115/190] Building C object zephyr/drivers/clock_control/CMakeFiles/drivers__clock_control.dir/clock_control_nrf.c.obj
[116/190] Building C object zephyr/subsys/net/CMakeFiles/subsys__net.dir/buf.c.obj
[117/190] Building C object zephyr/drivers/console/CMakeFiles/drivers__console.dir/uart_console.c.obj
[118/190] Building C object zephyr/arch/arch/arm/core/cortex_m/CMakeFiles/arch__arm__core__cortex_m.dir/scb.c.obj
[119/190] Building C object zephyr/drivers/entropy/CMakeFiles/drivers__entropy.dir/entropy_nrf5.c.obj
[120/190] Building C object zephyr/drivers/entropy/CMakeFiles/drivers__entropy.dir/entropy_bt_hci.c.obj
[121/190] Building C object zephyr/drivers/pinctrl/CMakeFiles/drivers__pinctrl.dir/common.c.obj
[122/190] Building C object zephyr/drivers/gpio/CMakeFiles/drivers__gpio.dir/gpio_nrfx.c.obj
[123/190] Building C object zephyr/drivers/pinctrl/CMakeFiles/drivers__pinctrl.dir/pinctrl_nrf.c.obj
[124/190] Linking C static library zephyr/subsys/bluetooth/controller/libsubsys__bluetooth__controller.a
[125/190] Building C object zephyr/drivers/timer/CMakeFiles/drivers__timer.dir/sys_clock_init.c.obj
[126/190] Linking C static library zephyr/subsys/bluetooth/controller/ll_sw/nordic/libsubsys__bluetooth__controller__ll_sw__nordic.a
[127/190] Building C object modules/hal_nordic/nrfx/CMakeFiles/modules__hal_nordic__nrfx.dir/home/vu/zephyrproject/modules/hal/nordic/nrfx/mdk/system_nrf52840.c.obj
[128/190] Building C object zephyr/drivers/timer/CMakeFiles/drivers__timer.dir/nrf_rtc_timer.c.obj
[129/190] Linking C static library zephyr/arch/arch/arm/core/libarch__arm__core.a
[130/190] Linking C static library zephyr/drivers/clock_control/libdrivers__clock_control.a
[131/190] Linking C static library zephyr/drivers/console/libdrivers__console.a
[132/190] Linking C static library zephyr/subsys/net/libsubsys__net.a
[133/190] Linking C static library zephyr/drivers/serial/libdrivers__serial.a
[134/190] Linking C static library zephyr/drivers/entropy/libdrivers__entropy.a
[135/190] Building C object modules/hal_nordic/nrfx/CMakeFiles/modules__hal_nordic__nrfx.dir/nrfx_glue.c.obj
[136/190] Building C object modules/hal_nordic/nrfx/CMakeFiles/modules__hal_nordic__nrfx.dir/home/vu/zephyrproject/modules/hal/nordic/nrfx/helpers/nrfx_gppi_ppi.c.obj
[137/190] Building C object modules/hal_nordic/nrfx/CMakeFiles/modules__hal_nordic__nrfx.dir/home/vu/zephyrproject/modules/hal/nordic/nrfx/helpers/nrfx_flag32_allocator.c.obj
[138/190] Building C object modules/segger/CMakeFiles/modules__segger.dir/home/vu/zephyrproject/modules/debug/segger/SEGGER/SEGGER_RTT.c.obj
[139/190] Building C object zephyr/arch/arch/arm/core/cortex_m/CMakeFiles/arch__arm__core__cortex_m.dir/fault.c.obj
[140/190] Linking C static library zephyr/drivers/pinctrl/libdrivers__pinctrl.a
[141/190] Building C object modules/hal_nordic/nrfx/CMakeFiles/modules__hal_nordic__nrfx.dir/home/vu/zephyrproject/modules/hal/nordic/nrfx/drivers/src/nrfx_clock.c.obj
[142/190] Building C object modules/hal_nordic/nrfx/CMakeFiles/modules__hal_nordic__nrfx.dir/home/vu/zephyrproject/modules/hal/nordic/nrfx/drivers/src/nrfx_gpiote.c.obj
[143/190] Building C object modules/hal_nordic/nrfx/CMakeFiles/modules__hal_nordic__nrfx.dir/home/vu/zephyrproject/modules/hal/nordic/nrfx/drivers/src/nrfx_ppi.c.obj
[144/190] Building C object modules/segger/CMakeFiles/modules__segger.dir/SEGGER_RTT_zephyr.c.obj
[145/190] Building C object zephyr/kernel/CMakeFiles/kernel.dir/main_weak.c.obj
[146/190] Building C object zephyr/kernel/CMakeFiles/kernel.dir/banner.c.obj
[147/190] Building C object zephyr/kernel/CMakeFiles/kernel.dir/busy_wait.c.obj
[148/190] Building C object zephyr/kernel/CMakeFiles/kernel.dir/device.c.obj
[149/190] Linking C static library zephyr/drivers/gpio/libdrivers__gpio.a
[150/190] Building C object zephyr/kernel/CMakeFiles/kernel.dir/errno.c.obj
[151/190] Building C object zephyr/kernel/CMakeFiles/kernel.dir/init_static.c.obj
[152/190] Building C object zephyr/kernel/CMakeFiles/kernel.dir/fatal.c.obj
[153/190] Linking C static library zephyr/drivers/timer/libdrivers__timer.a
[154/190] Building C object zephyr/kernel/CMakeFiles/kernel.dir/init.c.obj
[155/190] Building C object zephyr/kernel/CMakeFiles/kernel.dir/float.c.obj
[156/190] Building C object zephyr/kernel/CMakeFiles/kernel.dir/version.c.obj
[157/190] Building C object zephyr/kernel/CMakeFiles/kernel.dir/kheap.c.obj
[158/190] Building C object zephyr/kernel/CMakeFiles/kernel.dir/mem_slab.c.obj
[159/190] Building C object zephyr/kernel/CMakeFiles/kernel.dir/idle.c.obj
[160/190] Building C object zephyr/kernel/CMakeFiles/kernel.dir/mailbox.c.obj
[161/190] Building C object zephyr/kernel/CMakeFiles/kernel.dir/msg_q.c.obj
[162/190] Building C object zephyr/kernel/CMakeFiles/kernel.dir/mutex.c.obj
[163/190] Building C object zephyr/kernel/CMakeFiles/kernel.dir/sem.c.obj
[164/190] Building C object zephyr/kernel/CMakeFiles/kernel.dir/stack.c.obj
[165/190] Building C object zephyr/kernel/CMakeFiles/kernel.dir/queue.c.obj
[166/190] Building C object zephyr/kernel/CMakeFiles/kernel.dir/condvar.c.obj
[167/190] Building C object zephyr/kernel/CMakeFiles/kernel.dir/system_work_q.c.obj
[168/190] Building C object zephyr/kernel/CMakeFiles/kernel.dir/work.c.obj
[169/190] Linking C static library zephyr/arch/arch/arm/core/cortex_m/libarch__arm__core__cortex_m.a
[170/190] Linking C static library modules/hal_nordic/nrfx/libmodules__hal_nordic__nrfx.a
[171/190] Linking C static library modules/segger/libmodules__segger.a
[172/190] Building C object zephyr/kernel/CMakeFiles/kernel.dir/priority_queues.c.obj
[173/190] Building C object zephyr/kernel/CMakeFiles/kernel.dir/sched.c.obj
[174/190] Building C object zephyr/kernel/CMakeFiles/kernel.dir/timeslicing.c.obj
[175/190] Building C object zephyr/kernel/CMakeFiles/kernel.dir/thread.c.obj
[176/190] Building C object zephyr/kernel/CMakeFiles/kernel.dir/timer.c.obj
[177/190] Building C object zephyr/kernel/CMakeFiles/kernel.dir/xip.c.obj
[178/190] Building C object zephyr/kernel/CMakeFiles/kernel.dir/timeout.c.obj
[179/190] Building C object zephyr/kernel/CMakeFiles/kernel.dir/poll.c.obj
[180/190] Building C object zephyr/kernel/CMakeFiles/kernel.dir/mempool.c.obj
[181/190] Building C object zephyr/kernel/CMakeFiles/kernel.dir/dynamic_disabled.c.obj
[182/190] Linking C static library zephyr/kernel/libkernel.a
[183/190] Building C object CMakeFiles/app.dir/src/main.c.obj
[184/190] Linking C static library app/libapp.a
[185/190] Linking C executable zephyr/zephyr_pre0.elf
[186/190] Generating linker.cmd
[187/190] Generating isr_tables.c, isr_tables_vt.ld, isr_tables_swi.ld
[188/190] Building C object zephyr/CMakeFiles/zephyr_final.dir/misc/empty_file.c.obj
[189/190] Building C object zephyr/CMakeFiles/zephyr_final.dir/isr_tables.c.obj
[190/190] Linking C executable zephyr/zephyr.elf
Memory region         Used Size  Region Size  %age Used
           FLASH:       60944 B         1 MB      5.81%
             RAM:       18024 B       256 KB      6.88%
        IDT_LIST:          0 GB        32 KB      0.00%
Generating files from /home/vu/zephyrproject/bluetooth-dijkstra-simplified/build_c/zephyr/zephyr.elf for board: nrf52840dk
