*** Booting Zephyr OS build v3.7.0 ***
Node ID = 1
[RX] NHAN DICH: tu Node 0, seq=0, noi dung="Hello from A"
[RX] FORWARD: src=2 dst=0 qua Node 1 -> next_hop=0
[TX] Gui toi Node 0 (next_hop=0), seq=0
[RX] FORWARD: src=0 dst=2 qua Node 1 -> next_hop=2
[TX] Gui toi Node 2 (next_hop=2), seq=1
[RX] NHAN DICH: tu Node 2, seq=1, noi dung="Hello from C"
[RX] NHAN DICH: tu Node 0, seq=2, noi dung="Hello from A"
[RX] FORWARD: src=2 dst=0 qua Node 1 -> next_hop=0
[TX] Gui toi Node 0 (next_hop=0), seq=2
[RX] FORWARD: src=0 dst=2 qua Node 1 -> next_hop=2
[TX] Gui toi Node 2 (next_hop=2), seq=3
[RX] NHAN DICH: tu Node 2, seq=3, noi dung="Hello from C"
[RX] NHAN DICH: tu Node 0, seq=4, noi dung="Hello from A"
[RX] FORWARD: src=2 dst=0 qua Node 1 -> next_hop=0
[TX] Gui toi Node 0 (next_hop=0), seq=4
[RX] FORWARD: src=0 dst=2 qua Node 1 -> next_hop=2
[TX] Gui toi Node 2 (next_hop=2), seq=5
[RX] NHAN DICH: tu Node 2, seq=5, noi dung="Hello from C"
[RX] NHAN DICH: tu Node 0, seq=6, noi dung="Hello from A"
[RX] FORWARD: src=2 dst=0 qua Node 1 -> next_hop=0
[TX] Gui toi Node 0 (next_hop=0), seq=6
[RX] NHAN DICH: tu Node 2, seq=7, noi dung="Hello from C"
[RX] FORWARD: src=0 dst=2 qua Node 1 -> next_hop=2
[TX] Gui toi Node 2 (next_hop=2), seq=7
[RX] NHAN DICH: tu Node 0, seq=8, noi dung="Hello from A"
[RX] FORWARD: src=2 dst=0 qua Node 1 -> next_hop=0
[TX] Gui toi Node 0 (next_hop=0), seq=8
[RX] FORWARD: src=0 dst=2 qua Node 1 -> next_hop=2
[TX] Gui toi Node 2 (next_hop=2), seq=9
[RX] NHAN DICH: tu Node 2, seq=9, noi dung="Hello from C"
[RX] NHAN DICH: tu Node 0, seq=10, noi dung="Hello from A"
[RX] FORWARD: src=2 dst=0 qua Node 1 -> next_hop=0
[TX] Gui toi Node 0 (next_hop=0), seq=10
[RX] FORWARD: src=0 dst=2 qua Node 1 -> next_hop=2
[TX] Gui toi Node 2 (next_hop=2), seq=11
[RX] NHAN DICH: tu Node 2, seq=11, noi dung="Hello from C"
[RX] NHAN DICH: tu Node 0, seq=12, noi dung="Hello from A"
[RX] FORWARD: src=2 dst=0 qua Node 1 -> next_hop=0
[TX] Gui toi Node 0 (next_hop=0), seq=12
[RX] FORWARD: src=0 dst=2 qua Node 1 -> next_hop=2
[TX] Gui toi Node 2 (next_hop=2), seq=13
[RX] NHAN DICH: tu Node 2, seq=13, noi dung="Hello from C"
[RX] NHAN DICH: tu Node 0, seq=14, noi dung="Hello from A"
[RX] FORWARD: src=2 dst=0 qua Node 1 -> next_hop=0
[TX] Gui toi Node 0 (next_hop=0), seq=14
[RX] FORWARD: src=0 dst=2 qua Node 1 -> next_hop=2
[TX] Gui toi Node 2 (next_hop=2), seq=15
[RX] NHAN DICH: tu Node 0, seq=16, noi dung="Hello from A"
[RX] FORWARD: src=2 dst=0 qua Node 1 -> next_hop=0
[TX] Gui toi Node 0 (next_hop=0), seq=16
[RX] FORWARD: src=0 dst=2 qua Node 1 -> next_hop=2
[TX] Gui toi Node 2 (next_hop=2), seq=17
[RX] NHAN DICH: tu Node 2, seq=17, noi dung="Hello from C"
[RX] NHAN DICH: tu Node 0, seq=18, noi dung="Hello from A"
[RX] FORWARD: src=2 dst=0 qua Node 1 -> next_hop=0
[TX] Gui toi Node 0 (next_hop=0), seq=18
[RX] FORWARD: src=0 dst=2 qua Node 1 -> next_hop=2
[TX] Gui toi Node 2 (next_hop=2), seq=19
[RX] NHAN DICH: tu Node 2, seq=19, noi dung="Hello from C"
[RX] NHAN DICH: tu Node 0, seq=20, noi dung="Hello from A"
[RX] FORWARD: src=2 dst=0 qua Node 1 -> next_hop=0
[TX] Gui toi Node 0 (next_hop=0), seq=20
[RX] FORWARD: src=0 dst=2 qua Node 1 -> next_hop=2
[TX] Gui toi Node 2 (next_hop=2), seq=21
[RX] NHAN DICH: tu Node 0, seq=22, noi dung="Hello from A"
[RX] FORWARD: src=2 dst=0 qua Node 1 -> next_hop=0
[TX] Gui toi Node 0 (next_hop=0), seq=22
[RX] FORWARD: src=0 dst=2 qua Node 1 -> next_hop=2
[TX] Gui toi Node 2 (next_hop=2), seq=23
[RX] NHAN DICH: tu Node 2, seq=23, noi dung="Hello from C"
[RX] NHAN DICH: tu Node 0, seq=24, noi dung="Hello from A"
[RX] FORWARD: src=2 dst=0 qua Node 1 -> next_hop=0
[TX] Gui toi Node 0 (next_hop=0), seq=24
[RX] FORWARD: src=0 dst=2 qua Node 1 -> next_hop=2
[TX] Gui toi Node 2 (next_hop=2), seq=25
[RX] NHAN DICH: tu Node 0, seq=26, noi dung="Hello from A"
[RX] FORWARD: src=0 dst=2 qua Node 1 -> next_hop=2
[TX] Gui toi Node 0 (next_hop=0), seq=26
[RX] NHAN DICH: tu Node 2, seq=27, noi dung="Hello from C"
[RX] NHAN DICH: tu Node 0, seq=28, noi dung="Hello from A"
[RX] FORWARD: src=2 dst=0 qua Node 1 -> next_hop=0
[TX] Gui toi Node 2 (next_hop=2), seq=27
[RX] FORWARD: src=0 dst=2 qua Node 1 -> next_hop=2
[TX] Gui toi Node 0 (next_hop=0), seq=28
