*** Booting Zephyr OS build v3.7.0 ***
Node ID = 2
[RX] BO QUA (khong phai next-hop): src=0 dst=1 next_hop=1
[RX] BO QUA (khong phai next-hop): src=1 dst=0 next_hop=0
[TX] Gui toi Node 0 (next_hop=1), seq=0
[RX] BO QUA (khong phai next-hop): src=0 dst=2 next_hop=1
[RX] NHAN DICH: tu Node 1, seq=1, noi dung="Hello from B"
[TX] Gui toi Node 1 (next_hop=1), seq=1
[RX] NHAN DICH: tu Node 0, seq=1, noi dung="Hello from A"
[RX] BO QUA (khong phai next-hop): src=0 dst=1 next_hop=1
[TX] Gui toi Node 0 (next_hop=1), seq=2
[RX] BO QUA (khong phai next-hop): src=1 dst=0 next_hop=0
[RX] BO QUA (khong phai next-hop): src=0 dst=2 next_hop=1
[RX] NHAN DICH: tu Node 1, seq=3, noi dung="Hello from B"
[TX] Gui toi Node 1 (next_hop=1), seq=3
[RX] BO QUA (khong phai next-hop): src=0 dst=1 next_hop=1
[RX] NHAN DICH: tu Node 0, seq=3, noi dung="Hello from A"
[TX] Gui toi Node 0 (next_hop=1), seq=4
[RX] BO QUA (khong phai next-hop): src=1 dst=0 next_hop=0
[RX] BO QUA (khong phai next-hop): src=0 dst=2 next_hop=1
[TX] Gui toi Node 1 (next_hop=1), seq=5
[RX] NHAN DICH: tu Node 1, seq=5, noi dung="Hello from B"
[RX] BO QUA (khong phai next-hop): src=0 dst=1 next_hop=1
[RX] NHAN DICH: tu Node 0, seq=5, noi dung="Hello from A"
[TX] Gui toi Node 0 (next_hop=1), seq=6
[RX] BO QUA (khong phai next-hop): src=1 dst=0 next_hop=0
[RX] BO QUA (khong phai next-hop): src=0 dst=2 next_hop=1
[TX] Gui toi Node 1 (next_hop=1), seq=7
[RX] BO QUA (khong phai next-hop): src=0 dst=1 next_hop=1
[RX] NHAN DICH: tu Node 1, seq=7, noi dung="Hello from B"
[TX] Gui toi Node 0 (next_hop=1), seq=8
[RX] NHAN DICH: tu Node 0, seq=7, noi dung="Hello from A"
[RX] BO QUA (khong phai next-hop): src=0 dst=2 next_hop=1
[RX] BO QUA (khong phai next-hop): src=1 dst=0 next_hop=0
[TX] Gui toi Node 1 (next_hop=1), seq=9
[RX] BO QUA (khong phai next-hop): src=0 dst=1 next_hop=1
[RX] NHAN DICH: tu Node 1, seq=9, noi dung="Hello from B"
[TX] Gui toi Node 0 (next_hop=1), seq=10
[RX] NHAN DICH: tu Node 0, seq=9, noi dung="Hello from A"
[RX] BO QUA (khong phai next-hop): src=0 dst=2 next_hop=1
[RX] BO QUA (khong phai next-hop): src=1 dst=0 next_hop=0
[TX] Gui toi Node 1 (next_hop=1), seq=11
[RX] BO QUA (khong phai next-hop): src=0 dst=1 next_hop=1
[TX] Gui toi Node 0 (next_hop=1), seq=12
[RX] NHAN DICH: tu Node 1, seq=11, noi dung="Hello from B"
[RX] BO QUA (khong phai next-hop): src=0 dst=2 next_hop=1
[RX] NHAN DICH: tu Node 0, seq=11, noi dung="Hello from A"
[TX] Gui toi Node 1 (next_hop=1), seq=13
[RX] BO QUA (khong phai next-hop): src=1 dst=0 next_hop=0
[RX] BO QUA (khong phai next-hop): src=0 dst=1 next_hop=1
[TX] Gui toi Node 0 (next_hop=1), seq=14
[RX] NHAN DICH: tu Node 1, seq=13, noi dung="Hello from B"
[RX] BO QUA (khong phai next-hop): src=0 dst=2 next_hop=1
[RX] NHAN DICH: tu Node 0, seq=13, noi dung="Hello from A"
[TX] Gui toi Node 1 (next_hop=1), seq=15
[RX] BO QUA (khong phai next-hop): src=0 dst=1 next_hop=1
[RX] BO QUA (khong phai next-hop): src=1 dst=0 next_hop=0
[TX] Gui toi Node 0 (next_hop=1), seq=16
[RX] BO QUA (khong phai next-hop): src=0 dst=2 next_hop=1
[RX] NHAN DICH: tu Node 1, seq=15, noi dung="Hello from B"
[TX] Gui toi Node 1 (next_hop=1), seq=17
[RX] NHAN DICH: tu Node 0, seq=15, noi dung="Hello from A"
[RX] BO QUA (khong phai next-hop): src=0 dst=1 next_hop=1
[RX] BO QUA (khong phai next-hop): src=1 dst=0 next_hop=0
[TX] Gui toi Node 0 (next_hop=1), seq=18
[RX] BO QUA (khong phai next-hop): src=0 dst=2 next_hop=1
[RX] NHAN DICH: tu Node 1, seq=17, noi dung="Hello from B"
[TX] Gui toi Node 1 (next_hop=1), seq=19
[RX] BO QUA (khong phai next-hop): src=0 dst=1 next_hop=1
[RX] NHAN DICH: tu Node 0, seq=17, noi dung="Hello from A"
[RX] BO QUA (khong phai next-hop): src=1 dst=0 next_hop=0
[TX] Gui toi Node 0 (next_hop=1), seq=20
[RX] BO QUA (khong phai next-hop): src=0 dst=2 next_hop=1
[TX] Gui toi Node 1 (next_hop=1), seq=21
[RX] NHAN DICH: tu Node 1, seq=19, noi dung="Hello from B"
[RX] BO QUA (khong phai next-hop): src=0 dst=1 next_hop=1
[RX] NHAN DICH: tu Node 0, seq=19, noi dung="Hello from A"
[TX] Gui toi Node 0 (next_hop=1), seq=22
[RX] BO QUA (khong phai next-hop): src=1 dst=0 next_hop=0
[RX] BO QUA (khong phai next-hop): src=0 dst=2 next_hop=1
[TX] Gui toi Node 1 (next_hop=1), seq=23
[RX] BO QUA (khong phai next-hop): src=0 dst=1 next_hop=1
[RX] NHAN DICH: tu Node 1, seq=21, noi dung="Hello from B"
[RX] NHAN DICH: tu Node 0, seq=21, noi dung="Hello from A"
[TX] Gui toi Node 0 (next_hop=1), seq=24
[RX] BO QUA (khong phai next-hop): src=1 dst=0 next_hop=0
[RX] BO QUA (khong phai next-hop): src=0 dst=2 next_hop=1
[TX] Gui toi Node 1 (next_hop=1), seq=25
[RX] BO QUA (khong phai next-hop): src=0 dst=1 next_hop=1
[RX] NHAN DICH: tu Node 1, seq=23, noi dung="Hello from B"
[TX] Gui toi Node 0 (next_hop=1), seq=26
[RX] NHAN DICH: tu Node 0, seq=23, noi dung="Hello from A"
[RX] BO QUA (khong phai next-hop): src=0 dst=2 next_hop=1
[RX] BO QUA (khong phai next-hop): src=1 dst=0 next_hop=0
[TX] Gui toi Node 1 (next_hop=1), seq=27
[RX] BO QUA (khong phai next-hop): src=0 dst=1 next_hop=1
[RX] NHAN DICH: tu Node 1, seq=25, noi dung="Hello from B"
[TX] Gui toi Node 0 (next_hop=1), seq=28
[RX] NHAN DICH: tu Node 0, seq=25, noi dung="Hello from A"
[RX] BO QUA (khong phai next-hop): src=0 dst=2 next_hop=1
[TX] Gui toi Node 1 (next_hop=1), seq=29
[RX] BO QUA (khong phai next-hop): src=1 dst=0 next_hop=0
[RX] BO QUA (khong phai next-hop): src=0 dst=1 next_hop=1
[RX] NHAN DICH: tu Node 0, seq=27, noi dung="Hello from A"
[TX] Gui toi Node 0 (next_hop=1), seq=30
[RX] NHAN DICH: tu Node 1, seq=27, noi dung="Hello from B"
[RX] BO QUA (khong phai next-hop): src=0 dst=2 next_hop=1
[TX] Gui toi Node 1 (next_hop=1), seq=31
[RX] BO QUA (khong phai next-hop): src=1 dst=0 next_hop=0
[RX] BO QUA (khong phai next-hop): src=0 dst=1 next_hop=1
[RX] NHAN DICH: tu Node 0, seq=29, noi dung="Hello from A"
